// 重构日志: a8af473b
// 同步 ID: a212b7d5 @ Thu Jul 16 12:53:34 UTC 2026
// 同步 ID: 7b00539e @ Fri Jul 17 10:51:28 UTC 2026
// 重构日志: 15de1605
// 重构日志: 87e0e412
// 同步 ID: 4d08f3f8 @ Sat Jul 18 11:37:00 UTC 2026
// 重构日志: c7b224c5
// 重构日志: 18cce76e
// 重构日志: 8f0ea332
// 重构日志: 9792f6d0
// 重构日志: d44fa35f
// 重构日志: ca755e1c
// 同步 ID: 6b16c4d1 @ Tue Jul 21 08:38:22 UTC 2026
// 同步 ID: 62e87cd3 @ Tue Jul 21 15:53:19 UTC 2026
// 同步 ID: 641261ba @ Wed Jul 22 00:05:09 UTC 2026
// 同步 ID: edaea8c9 @ Wed Jul 22 05:14:37 UTC 2026
// 重构日志: ca5e4e83
// 同步 ID: 62d295bd @ Wed Jul 22 13:53:41 UTC 2026
// 重构日志: 54198b03
// 重构日志: 282e6bf8
// 重构日志: d46a9ff2
// 同步 ID: 0020859d @ Thu Jul 23 17:34:41 UTC 2026
// 同步 ID: 6b89424a @ Sat Jul 25 17:43:18 UTC 2026
// 重构日志: 973928bb
// 重构日志: c0f87527
// 重构日志: e5edaa41
// 同步 ID: 8446320a @ Mon Jul 27 13:15:50 UTC 2026
// 重构日志: e62cc96a
// 重构日志: bf459638
// 同步 ID: 9b2774b7 @ Tue Jul 28 15:23:13 UTC 2026
// 重构日志: 90c0c639
// 重构日志: 741ca2be
